../MY_RTOS/scheduler.c:43:30:PendSV_Handler	0	static,ignoring_inline_asm
../MY_RTOS/scheduler.c:102:6:MY_RTOS_Idle_Task	4	static,ignoring_inline_asm
../MY_RTOS/scheduler.c:122:6:MY_RTOS_Create_Main_Stack	4	static
../MY_RTOS/scheduler.c:135:18:MY_RTOS_Init	16	static
../MY_RTOS/scheduler.c:163:6:My_RTOS_Create_Task_Stack	24	static
../MY_RTOS/scheduler.c:200:18:MY_RTOS_Create_Task	24	static
../MY_RTOS/scheduler.c:240:6:bubbleSort	24	static
../MY_RTOS/scheduler.c:259:6:My_RTOS_Update_Schadule_Tables	24	static
../MY_RTOS/scheduler.c:314:6:Decide_What_Next	32	static
../MY_RTOS/scheduler.c:346:6:OS_SVC	24	static
../MY_RTOS/scheduler.c:382:6:MY_RTOS_OS_SVC_Set	16	static,ignoring_inline_asm
../MY_RTOS/scheduler.c:403:6:MY_RTOS_Activate_Task	16	static
../MY_RTOS/scheduler.c:408:6:MY_RTOS_Terminate_Task	16	static
../MY_RTOS/scheduler.c:420:6:MY_RTOS_Task_Wait	16	static
../MY_RTOS/scheduler.c:443:6:MY_RTOS_START_OS	8	static,ignoring_inline_asm
../MY_RTOS/scheduler.c:480:6:MY_RTOS_Update_Tasks_Waiting_Time	16	static
../MY_RTOS/scheduler.c:509:18:MY_RTOS_Acquire_Mutex	16	static
../MY_RTOS/scheduler.c:537:6:MY_RTOS_Release_Mutex	16	static
