
Memory Configuration

Name             Origin             Length             Attributes
FLASH            0x08000000         0x00020000         xr
SRAM             0x20000000         0x00005000         xrw
*default*        0x00000000         0xffffffff

Linker script and memory map

                0x00001000                _stack_size = 0x1000

.text           0x08000000      0x108
 *(.vectors*)
 .vectors       0x08000000       0x1c startup.o
                0x08000000                vectors
 *(.text*)
 .text          0x0800001c       0x60 main.o
                0x0800001c                main
 .text          0x0800007c       0x8c startup.o
                0x0800007c                NMI_Handler
                0x0800007c                UsageFault_Handler
                0x0800007c                BusFault_Handler
                0x0800007c                Default_Handler
                0x0800007c                MemManage_Handler
                0x0800007c                HardFault_Handler
                0x08000088                Reset_Handler
 *(.rodata*)

.glue_7         0x08000108        0x0
 .glue_7        0x08000108        0x0 linker stubs

.glue_7t        0x08000108        0x0
 .glue_7t       0x08000108        0x0 linker stubs

.vfp11_veneer   0x08000108        0x0
 .vfp11_veneer  0x08000108        0x0 linker stubs

.v4_bx          0x08000108        0x0
 .v4_bx         0x08000108        0x0 linker stubs

.iplt           0x08000108        0x0
 .iplt          0x08000108        0x0 startup.o

.rel.dyn        0x08000108        0x0
 .rel.iplt      0x08000108        0x0 startup.o

.data           0x20000000        0x0 load address 0x08000108
                0x20000000                . = ALIGN (0x8)
                0x20000000                _sdata = .
 *(.data*)
 .data          0x20000000        0x0 main.o
 .data          0x20000000        0x0 startup.o
                0x20000000                . = ALIGN (0x8)
                0x20000000                _edata = .
                0x08000108                _sidata = LOADADDR (.data)

.igot.plt       0x20000000        0x0 load address 0x08000108
 .igot.plt      0x20000000        0x0 startup.o

.bss            0x20000000      0x190 load address 0x08000108
                0x20000000                . = ALIGN (0x8)
                0x20000000                _sbss = .
 *(.bss*)
 .bss           0x20000000      0x190 main.o
                0x20000000                arr
 .bss           0x20000190        0x0 startup.o
 *(COMMON)
                0x20000190                . = ALIGN (0x8)
                0x20000190                _ebss = .
                0x20001190                _estack = (. + 0x1000)
                0x00000190                _total_ram_used = (SIZEOF (.data) + SIZEOF (.bss))
                0x00000001                ASSERT ((_total_ram_used <= LENGTH (SRAM)), ERROR: .data + .bss exceeds SRAM size!)
LOAD main.o
LOAD startup.o
OUTPUT(learn_in_depth.elf elf32-littlearm)
LOAD linker stubs

.debug_info     0x00000000      0x24d
 .debug_info    0x00000000       0x8a main.o
 .debug_info    0x0000008a      0x1c3 startup.o

.debug_abbrev   0x00000000      0x177
 .debug_abbrev  0x00000000       0x83 main.o
 .debug_abbrev  0x00000083       0xf4 startup.o

.debug_loc      0x00000000       0x9c
 .debug_loc     0x00000000       0x38 main.o
 .debug_loc     0x00000038       0x64 startup.o

.debug_aranges  0x00000000       0x40
 .debug_aranges
                0x00000000       0x20 main.o
 .debug_aranges
                0x00000020       0x20 startup.o

.debug_line     0x00000000      0x205
 .debug_line    0x00000000       0x63 main.o
 .debug_line    0x00000063      0x1a2 startup.o

.debug_str      0x00000000      0x19f
 .debug_str     0x00000000       0xd0 main.o
                                 0xdd (size before relaxing)
 .debug_str     0x000000d0       0xcf startup.o
                                0x1da (size before relaxing)

.comment        0x00000000       0x4d
 .comment       0x00000000       0x4d main.o
                                 0x4e (size before relaxing)
 .comment       0x0000004d       0x4e startup.o

.ARM.attributes
                0x00000000       0x2d
 .ARM.attributes
                0x00000000       0x2d main.o
 .ARM.attributes
                0x0000002d       0x2d startup.o

.debug_frame    0x00000000       0x78
 .debug_frame   0x00000000       0x2c main.o
 .debug_frame   0x0000002c       0x4c startup.o
