Archive member included to satisfy reference by file (symbol)

C:/ST/STM32CubeIDE_2.0.0/STM32CubeIDE/plugins/com.st.stm32cube.ide.mcu.externaltools.gnu-tools-for-stm32.13.3.rel1.win32_1.0.100.202509120712/tools/bin/../lib/gcc/arm-none-eabi/13.3.1/../../../../arm-none-eabi/lib/thumb/v7-m/nofp\libc_nano.a(libc_a-exit.o)
                              C:/ST/STM32CubeIDE_2.0.0/STM32CubeIDE/plugins/com.st.stm32cube.ide.mcu.externaltools.gnu-tools-for-stm32.13.3.rel1.win32_1.0.100.202509120712/tools/bin/../lib/gcc/arm-none-eabi/13.3.1/../../../../arm-none-eabi/lib/thumb/v7-m/nofp/crt0.o (exit)
C:/ST/STM32CubeIDE_2.0.0/STM32CubeIDE/plugins/com.st.stm32cube.ide.mcu.externaltools.gnu-tools-for-stm32.13.3.rel1.win32_1.0.100.202509120712/tools/bin/../lib/gcc/arm-none-eabi/13.3.1/../../../../arm-none-eabi/lib/thumb/v7-m/nofp\libc_nano.a(libc_a-findfp.o)
                              C:/ST/STM32CubeIDE_2.0.0/STM32CubeIDE/plugins/com.st.stm32cube.ide.mcu.externaltools.gnu-tools-for-stm32.13.3.rel1.win32_1.0.100.202509120712/tools/bin/../lib/gcc/arm-none-eabi/13.3.1/../../../../arm-none-eabi/lib/thumb/v7-m/nofp\libc_nano.a(libc_a-exit.o) (__stdio_exit_handler)
C:/ST/STM32CubeIDE_2.0.0/STM32CubeIDE/plugins/com.st.stm32cube.ide.mcu.externaltools.gnu-tools-for-stm32.13.3.rel1.win32_1.0.100.202509120712/tools/bin/../lib/gcc/arm-none-eabi/13.3.1/../../../../arm-none-eabi/lib/thumb/v7-m/nofp\libc_nano.a(libc_a-fwalk.o)
                              C:/ST/STM32CubeIDE_2.0.0/STM32CubeIDE/plugins/com.st.stm32cube.ide.mcu.externaltools.gnu-tools-for-stm32.13.3.rel1.win32_1.0.100.202509120712/tools/bin/../lib/gcc/arm-none-eabi/13.3.1/../../../../arm-none-eabi/lib/thumb/v7-m/nofp\libc_nano.a(libc_a-findfp.o) (_fwalk_sglue)
C:/ST/STM32CubeIDE_2.0.0/STM32CubeIDE/plugins/com.st.stm32cube.ide.mcu.externaltools.gnu-tools-for-stm32.13.3.rel1.win32_1.0.100.202509120712/tools/bin/../lib/gcc/arm-none-eabi/13.3.1/../../../../arm-none-eabi/lib/thumb/v7-m/nofp\libc_nano.a(libc_a-stdio.o)
                              C:/ST/STM32CubeIDE_2.0.0/STM32CubeIDE/plugins/com.st.stm32cube.ide.mcu.externaltools.gnu-tools-for-stm32.13.3.rel1.win32_1.0.100.202509120712/tools/bin/../lib/gcc/arm-none-eabi/13.3.1/../../../../arm-none-eabi/lib/thumb/v7-m/nofp\libc_nano.a(libc_a-findfp.o) (__sread)
C:/ST/STM32CubeIDE_2.0.0/STM32CubeIDE/plugins/com.st.stm32cube.ide.mcu.externaltools.gnu-tools-for-stm32.13.3.rel1.win32_1.0.100.202509120712/tools/bin/../lib/gcc/arm-none-eabi/13.3.1/../../../../arm-none-eabi/lib/thumb/v7-m/nofp\libc_nano.a(libc_a-memset.o)
                              C:/ST/STM32CubeIDE_2.0.0/STM32CubeIDE/plugins/com.st.stm32cube.ide.mcu.externaltools.gnu-tools-for-stm32.13.3.rel1.win32_1.0.100.202509120712/tools/bin/../lib/gcc/arm-none-eabi/13.3.1/../../../../arm-none-eabi/lib/thumb/v7-m/nofp/crt0.o (memset)
C:/ST/STM32CubeIDE_2.0.0/STM32CubeIDE/plugins/com.st.stm32cube.ide.mcu.externaltools.gnu-tools-for-stm32.13.3.rel1.win32_1.0.100.202509120712/tools/bin/../lib/gcc/arm-none-eabi/13.3.1/../../../../arm-none-eabi/lib/thumb/v7-m/nofp\libc_nano.a(libc_a-closer.o)
                              C:/ST/STM32CubeIDE_2.0.0/STM32CubeIDE/plugins/com.st.stm32cube.ide.mcu.externaltools.gnu-tools-for-stm32.13.3.rel1.win32_1.0.100.202509120712/tools/bin/../lib/gcc/arm-none-eabi/13.3.1/../../../../arm-none-eabi/lib/thumb/v7-m/nofp\libc_nano.a(libc_a-stdio.o) (_close_r)
C:/ST/STM32CubeIDE_2.0.0/STM32CubeIDE/plugins/com.st.stm32cube.ide.mcu.externaltools.gnu-tools-for-stm32.13.3.rel1.win32_1.0.100.202509120712/tools/bin/../lib/gcc/arm-none-eabi/13.3.1/../../../../arm-none-eabi/lib/thumb/v7-m/nofp\libc_nano.a(libc_a-reent.o)
                              C:/ST/STM32CubeIDE_2.0.0/STM32CubeIDE/plugins/com.st.stm32cube.ide.mcu.externaltools.gnu-tools-for-stm32.13.3.rel1.win32_1.0.100.202509120712/tools/bin/../lib/gcc/arm-none-eabi/13.3.1/../../../../arm-none-eabi/lib/thumb/v7-m/nofp\libc_nano.a(libc_a-closer.o) (errno)
C:/ST/STM32CubeIDE_2.0.0/STM32CubeIDE/plugins/com.st.stm32cube.ide.mcu.externaltools.gnu-tools-for-stm32.13.3.rel1.win32_1.0.100.202509120712/tools/bin/../lib/gcc/arm-none-eabi/13.3.1/../../../../arm-none-eabi/lib/thumb/v7-m/nofp\libc_nano.a(libc_a-impure.o)
                              C:/ST/STM32CubeIDE_2.0.0/STM32CubeIDE/plugins/com.st.stm32cube.ide.mcu.externaltools.gnu-tools-for-stm32.13.3.rel1.win32_1.0.100.202509120712/tools/bin/../lib/gcc/arm-none-eabi/13.3.1/../../../../arm-none-eabi/lib/thumb/v7-m/nofp\libc_nano.a(libc_a-reent.o) (_impure_ptr)
C:/ST/STM32CubeIDE_2.0.0/STM32CubeIDE/plugins/com.st.stm32cube.ide.mcu.externaltools.gnu-tools-for-stm32.13.3.rel1.win32_1.0.100.202509120712/tools/bin/../lib/gcc/arm-none-eabi/13.3.1/../../../../arm-none-eabi/lib/thumb/v7-m/nofp\libc_nano.a(libc_a-lseekr.o)
[...]
Memory Configuration

Name             Origin             Length             Attributes
RAM              0x20000000         0x00002800         xrw
FLASH            0x08000000         0x00008000         xr
*default*        0x00000000         0xffffffff

Linker script and memory map

LOAD C:/ST/STM32CubeIDE_2.0.0/STM32CubeIDE/plugins/com.st.stm32cube.ide.mcu.externaltools.gnu-tools-for-stm32.13.3.rel1.win32_1.0.100.202509120712/tools/bin/../lib/gcc/arm-none-eabi/13.3.1/thumb/v7-m/nofp/crti.o
LOAD C:/ST/STM32CubeIDE_2.0.0/STM32CubeIDE/plugins/com.st.stm32cube.ide.mcu.externaltools.gnu-tools-for-stm32.13.3.rel1.win32_1.0.100.202509120712/tools/bin/../lib/gcc/arm-none-eabi/13.3.1/thumb/v7-m/nofp/crtbegin.o
LOAD C:/ST/STM32CubeIDE_2.0.0/STM32CubeIDE/plugins/com.st.stm32cube.ide.mcu.externaltools.gnu-tools-for-stm32.13.3.rel1.win32_1.0.100.202509120712/tools/bin/../lib/gcc/arm-none-eabi/13.3.1/../../../../arm-none-eabi/lib/thumb/v7-m/nofp/crt0.o
LOAD ./MY_RTOS/CortexMx_OS_Porting.o
LOAD ./MY_RTOS/My_RTOS_FIFO.o
LOAD ./MY_RTOS/scheduler.o
LOAD ./Src/App.o
LOAD ./Src/EXTI.o
LOAD ./Src/GPIO.o
LOAD ./Src/main.o
LOAD ./Src/syscalls.o
LOAD ./Src/sysmem.o
LOAD ./Startup/startup_stm32f103c6tx.o
START GROUP
LOAD C:/ST/STM32CubeIDE_2.0.0/STM32CubeIDE/plugins/com.st.stm32cube.ide.mcu.externaltools.gnu-tools-for-stm32.13.3.rel1.win32_1.0.100.202509120712/tools/bin/../lib/gcc/arm-none-eabi/13.3.1/../../../../arm-none-eabi/lib/thumb/v7-m/nofp\libc_nano.a
LOAD C:/ST/STM32CubeIDE_2.0.0/STM32CubeIDE/plugins/com.st.stm32cube.ide.mcu.externaltools.gnu-tools-for-stm32.13.3.rel1.win32_1.0.100.202509120712/tools/bin/../lib/gcc/arm-none-eabi/13.3.1/../../../../arm-none-eabi/lib/thumb/v7-m/nofp\libm.a
END GROUP
START GROUP
LOAD C:/ST/STM32CubeIDE_2.0.0/STM32CubeIDE/plugins/com.st.stm32cube.ide.mcu.externaltools.gnu-tools-for-stm32.13.3.rel1.win32_1.0.100.202509120712/tools/bin/../lib/gcc/arm-none-eabi/13.3.1/thumb/v7-m/nofp\libgcc.a
LOAD C:/ST/STM32CubeIDE_2.0.0/STM32CubeIDE/plugins/com.st.stm32cube.ide.mcu.externaltools.gnu-tools-for-stm32.13.3.rel1.win32_1.0.100.202509120712/tools/bin/../lib/gcc/arm-none-eabi/13.3.1/../../../../arm-none-eabi/lib/thumb/v7-m/nofp\libg_nano.a
LOAD C:/ST/STM32CubeIDE_2.0.0/STM32CubeIDE/plugins/com.st.stm32cube.ide.mcu.externaltools.gnu-tools-for-stm32.13.3.rel1.win32_1.0.100.202509120712/tools/bin/../lib/gcc/arm-none-eabi/13.3.1/../../../../arm-none-eabi/lib/thumb/v7-m/nofp\libc_nano.a
END GROUP
START GROUP
LOAD C:/ST/STM32CubeIDE_2.0.0/STM32CubeIDE/plugins/com.st.stm32cube.ide.mcu.externaltools.gnu-tools-for-stm32.13.3.rel1.win32_1.0.100.202509120712/tools/bin/../lib/gcc/arm-none-eabi/13.3.1/thumb/v7-m/nofp\libgcc.a
LOAD C:/ST/STM32CubeIDE_2.0.0/STM32CubeIDE/plugins/com.st.stm32cube.ide.mcu.externaltools.gnu-tools-for-stm32.13.3.rel1.win32_1.0.100.202509120712/tools/bin/../lib/gcc/arm-none-eabi/13.3.1/../../../../arm-none-eabi/lib/thumb/v7-m/nofp\libc_nano.a
LOAD C:/ST/STM32CubeIDE_2.0.0/STM32CubeIDE/plugins/com.st.stm32cube.ide.mcu.externaltools.gnu-tools-for-stm32.13.3.rel1.win32_1.0.100.202509120712/tools/bin/../lib/gcc/arm-none-eabi/13.3.1/../../../../arm-none-eabi/lib/thumb/v7-m/nofp\libnosys.a
END GROUP
START GROUP
LOAD C:/ST/STM32CubeIDE_2.0.0/STM32CubeIDE/plugins/com.st.stm32cube.ide.mcu.externaltools.gnu-tools-for-stm32.13.3.rel1.win32_1.0.100.202509120712/tools/bin/../lib/gcc/arm-none-eabi/13.3.1/thumb/v7-m/nofp\libgcc.a
LOAD C:/ST/STM32CubeIDE_2.0.0/STM32CubeIDE/plugins/com.st.stm32cube.ide.mcu.externaltools.gnu-tools-for-stm32.13.3.rel1.win32_1.0.100.202509120712/tools/bin/../lib/gcc/arm-none-eabi/13.3.1/../../../../arm-none-eabi/lib/thumb/v7-m/nofp\libc_nano.a
LOAD C:/ST/STM32CubeIDE_2.0.0/STM32CubeIDE/plugins/com.st.stm32cube.ide.mcu.externaltools.gnu-tools-for-stm32.13.3.rel1.win32_1.0.100.202509120712/tools/bin/../lib/gcc/arm-none-eabi/13.3.1/../../../../arm-none-eabi/lib/thumb/v7-m/nofp\libnosys.a
END GROUP
LOAD C:/ST/STM32CubeIDE_2.0.0/STM32CubeIDE/plugins/com.st.stm32cube.ide.mcu.externaltools.gnu-tools-for-stm32.13.3.rel1.win32_1.0.100.202509120712/tools/bin/../lib/gcc/arm-none-eabi/13.3.1/thumb/v7-m/nofp/crtend.o
LOAD C:/ST/STM32CubeIDE_2.0.0/STM32CubeIDE/plugins/com.st.stm32cube.ide.mcu.externaltools.gnu-tools-for-stm32.13.3.rel1.win32_1.0.100.202509120712/tools/bin/../lib/gcc/arm-none-eabi/13.3.1/thumb/v7-m/nofp/crtn.o
                0x20002800                        _estack = (ORIGIN (RAM) + LENGTH (RAM))
                0x00000200                        _Min_Heap_Size = 0x200
                0x00000400                        _Min_Stack_Size = 0x400

.isr_vector     0x08000000      0x130
                0x08000000                        . = ALIGN (0x4)
 *(.isr_vector)
 .isr_vector    0x08000000      0x130 ./Startup/startup_stm32f103c6tx.o
                0x08000000                g_pfnVectors
                0x08000130                        . = ALIGN (0x4)

.text           0x08000130     0x1478
                0x08000130                        . = ALIGN (0x4)
 *(.text)
 .text          0x08000130       0x40 C:/ST/STM32CubeIDE_2.0.0/STM32CubeIDE/plugins/com.st.stm32cube.ide.mcu.externaltools.gnu-tools-for-stm32.13.3.rel1.win32_1.0.100.202509120712/tools/bin/../lib/gcc/arm-none-eabi/13.3.1/thumb/v7-m/nofp/crtbegin.o
 .text          0x08000170       0x14 C:/ST/STM32CubeIDE_2.0.0/STM32CubeIDE/plugins/com.st.stm32cube.ide.mcu.externaltools.gnu-tools-for-stm32.13.3.rel1.win32_1.0.100.202509120712/tools/bin/../lib/gcc/arm-none-eabi/13.3.1/../../../../arm-none-eabi/lib/thumb/v7-m/nofp\libc_nano.a(libc_a-strcmp.o)
                0x08000170                strcmp
 *(.text*)
 .text.__NVIC_SetPriority
                0x08000184       0x54 ./MY_RTOS/CortexMx_OS_Porting.o
 .text.SysTick_Config
                0x080001d8       0x44 ./MY_RTOS/CortexMx_OS_Porting.o
 .text.HardFault_Handler
                0x0800021c        0x8 ./MY_RTOS/CortexMx_OS_Porting.o
                0x0800021c                HardFault_Handler
 .text.MemManage_Handler
                0x08000224        0x8 ./MY_RTOS/CortexMx_OS_Porting.o
                0x08000224                MemManage_Handler
 .text.BusFault_Handler
                0x0800022c        0x8 ./MY_RTOS/CortexMx_OS_Porting.o
                0x0800022c                BusFault_Handler
 .text.UsageFault_Handler
                0x08000234        0x8 ./MY_RTOS/CortexMx_OS_Porting.o
                0x08000234                UsageFault_Handler
 .text.SVC_Handler
                0x0800023c       0x14 ./MY_RTOS/CortexMx_OS_Porting.o
                0x0800023c                SVC_Handler
 .text.HW_Init  0x08000250       0x12 ./MY_RTOS/CortexMx_OS_Porting.o
                0x08000250                HW_Init
 *fill*         0x08000262        0x2 
 .text.Trigger_OS_PendSV
                0x08000264       0x1c ./MY_RTOS/CortexMx_OS_Porting.o
                0x08000264                Trigger_OS_PendSV
 .text.Start_Ticker
                0x08000280       0x10 ./MY_RTOS/CortexMx_OS_Porting.o
                0x08000280                Start_Ticker
 .text.SysTick_Handler
                0x08000290       0x28 ./MY_RTOS/CortexMx_OS_Porting.o
                0x08000290                SysTick_Handler
 .text.Queue_Init
                0x080002b8       0x50 ./MY_RTOS/My_RTOS_FIFO.o
                0x080002b8                Queue_Init
 .text.Queue_Enqueue
                0x08000308       0x72 ./MY_RTOS/My_RTOS_FIFO.o
                0x08000308                Queue_Enqueue
 .text.Queue_Dequeue
                0x0800037a       0x74 ./MY_RTOS/My_RTOS_FIFO.o
                0x0800037a                Queue_Dequeue
 .text.Queue_Is_Full
                0x080003ee       0x2e ./MY_RTOS/My_RTOS_FIFO.o
                0x080003ee                Queue_Is_Full
 .text.Queue_Is_Empty
                0x0800041c       0x2a ./MY_RTOS/My_RTOS_FIFO.o
                0x0800041c                Queue_Is_Empty
 *fill*         0x08000446        0x2 
 .text.PendSV_Handler
                0x08000448       0x4c ./MY_RTOS/scheduler.o
                0x08000448                PendSV_Handler
 .text.MY_RTOS_Idle_Task
                0x08000494       0x20 ./MY_RTOS/scheduler.o
                0x08000494                MY_RTOS_Idle_Task
 .text.MY_RTOS_Create_Main_Stack
                0x080004b4       0x3c ./MY_RTOS/scheduler.o
                0x080004b4                MY_RTOS_Create_Main_Stack
 .text.MY_RTOS_Init
                0x080004f0       0x78 ./MY_RTOS/scheduler.o
                0x080004f0                MY_RTOS_Init
 .text.My_RTOS_Create_Task_Stack
                0x08000568       0x7e ./MY_RTOS/scheduler.o
                0x08000568                My_RTOS_Create_Task_Stack
 *fill*         0x080005e6        0x2 
 .text.MY_RTOS_Create_Task
                0x080005e8       0x7c ./MY_RTOS/scheduler.o
                0x080005e8                MY_RTOS_Create_Task
 .text.bubbleSort
                0x08000664       0x90 ./MY_RTOS/scheduler.o
                0x08000664                bubbleSort
 .text.My_RTOS_Update_Schadule_Tables
                0x080006f4       0xdc ./MY_RTOS/scheduler.o
                0x080006f4                My_RTOS_Update_Schadule_Tables
 .text.Decide_What_Next
                0x080007d0       0xd8 ./MY_RTOS/scheduler.o
                0x080007d0                Decide_What_Next
 .text.OS_SVC   0x080008a8       0x6c ./MY_RTOS/scheduler.o
                0x080008a8                OS_SVC
 .text.MY_RTOS_OS_SVC_Set
                0x08000914       0x4c ./MY_RTOS/scheduler.o
                0x08000914                MY_RTOS_OS_SVC_Set
 .text.MY_RTOS_Activate_Task
                0x08000960       0x1e ./MY_RTOS/scheduler.o
                0x08000960                MY_RTOS_Activate_Task
 .text.MY_RTOS_Terminate_Task
                0x0800097e       0x1e ./MY_RTOS/scheduler.o
                0x0800097e                MY_RTOS_Terminate_Task
 .text.MY_RTOS_START_OS
                0x0800099c       0x54 ./MY_RTOS/scheduler.o
                0x0800099c                MY_RTOS_START_OS
 .text.MY_RTOS_Update_Tasks_Waiting_Time
                0x080009f0       0x78 ./MY_RTOS/scheduler.o
                0x080009f0                MY_RTOS_Update_Tasks_Waiting_Time
 .text.MY_RTOS_Acquire_Mutex
                0x08000a68       0x38 ./MY_RTOS/scheduler.o
                0x08000a68                MY_RTOS_Acquire_Mutex
 .text.MY_RTOS_Release_Mutex
                0x08000aa0       0x3e ./MY_RTOS/scheduler.o
                0x08000aa0                MY_RTOS_Release_Mutex
 *fill*         0x08000ade        0x2 
 .text.EXTI0_IRQHandler
                0x08000ae0       0x24 ./Src/EXTI.o
                0x08000ae0                EXTI0_IRQHandler
 .text.EXTI1_IRQHandler
                0x08000b04       0x2c ./Src/EXTI.o
                0x08000b04                EXTI1_IRQHandler
 .text.EXTI2_IRQHandler
                0x08000b30       0x2c ./Src/EXTI.o
                0x08000b30                EXTI2_IRQHandler
 .text.EXTI3_IRQHandler
                0x08000b5c       0x2c ./Src/EXTI.o
                0x08000b5c                EXTI3_IRQHandler
 .text.EXTI4_IRQHandler
                0x08000b88       0x2c ./Src/EXTI.o
                0x08000b88                EXTI4_IRQHandler
 .text.EXTI9_5_IRQHandler
                0x08000bb4       0xd0 ./Src/EXTI.o
                0x08000bb4                EXTI9_5_IRQHandler
 .text.EXTI15_10_IRQHandler
                0x08000c84       0xf4 ./Src/EXTI.o
                0x08000c84                EXTI15_10_IRQHandler
 .text.GPIO_u8GetPinIndex
                0x08000d78       0x32 ./Src/GPIO.o
 *fill*         0x08000daa        0x2 
 .text.GPIO_EnableClock
                0x08000dac       0x98 ./Src/GPIO.o
 .text.GPIO_InitPin
                0x08000e44      0x1fc ./Src/GPIO.o
                0x08000e44                GPIO_InitPin
 .text.GPIO_WritePin
                0x08001040       0x9c ./Src/GPIO.o
                0x08001040                GPIO_WritePin
 .text.GPIO_TogglePin
                0x080010dc       0x84 ./Src/GPIO.o
                0x080010dc                GPIO_TogglePin
 .text.task1    0x08001160       0x7c ./Src/main.o
                0x08001160                task1
 .text.task2    0x080011dc       0x64 ./Src/main.o
                0x080011dc                task2
 .text.task3    0x08001240       0x64 ./Src/main.o
                0x08001240                task3
 .text.task4    0x080012a4       0x8c ./Src/main.o
                0x080012a4                task4
 .text.main     0x08001330      0x1c4 ./Src/main.o
                0x08001330                main
 .text.Reset_Handler
                0x080014f4       0x50 ./Startup/startup_stm32f103c6tx.o
                0x080014f4                Reset_Handler
 .text.Default_Handler
                0x08001544        0x2 ./Startup/startup_stm32f103c6tx.o
                0x08001544                TIM8_TRG_COM_IRQHandler
                0x08001544                TIM8_CC_IRQHandler
                0x08001544                DebugMon_Handler
                0x08001544                TIM1_CC_IRQHandler
                0x08001544                TIM6_IRQHandler
                0x08001544                PVD_IRQHandler
                0x08001544                SDIO_IRQHandler
                0x08001544                NMI_Handler
                0x08001544                USB_HP_CAN_TX_IRQHandler
                0x08001544                I2C2_EV_IRQHandler
                0x08001544                ADC1_2_IRQHandler
                0x08001544                SPI1_IRQHandler
                0x08001544                CAN_SCE_IRQHandler
                0x08001544                TAMPER_IRQHandler
                0x08001544                TIM8_UP_IRQHandler
                0x08001544                DMA2_Channel2_IRQHandler
                0x08001544                DMA1_Channel4_IRQHandler
                0x08001544                USART3_IRQHandler
                0x08001544                RTC_IRQHandler
                0x08001544                DMA1_Channel7_IRQHandler
                0x08001544                UART5_IRQHandler
                0x08001544                ADC3_IRQHandler
                0x08001544                TIM4_IRQHandler
                0x08001544                CAN_RX1_IRQHandler
                0x08001544                DMA2_Channel1_IRQHandler
                0x08001544                I2C1_EV_IRQHandler
                0x08001544                DMA1_Channel6_IRQHandler
                0x08001544                UART4_IRQHandler
                0x08001544                TIM3_IRQHandler
                0x08001544                RCC_IRQHandler
                0x08001544                TIM1_TRG_COM_IRQHandler
                0x08001544                DMA1_Channel1_IRQHandler
                0x08001544                Default_Handler
                0x08001544                TIM7_IRQHandler
                0x08001544                TIM5_IRQHandler
                0x08001544                SPI2_IRQHandler
                0x08001544                USB_LP_CAN_RX0_IRQHandler
                0x08001544                DMA1_Channel5_IRQHandler
                0x08001544                DMA1_Channel3_IRQHandler
                0x08001544                FSMC_IRQHandler
                0x08001544                TIM1_UP_IRQHandler
                0x08001544                WWDG_IRQHandler
                0x08001544                TIM2_IRQHandler
                0x08001544                TIM1_BRK_IRQHandler
                0x08001544                RTCAlarm_IRQHandler
                0x08001544                DMA2_Channel4_5_IRQHandler
                0x08001544                USART2_IRQHandler
                0x08001544                I2C2_ER_IRQHandler
                0x08001544                DMA1_Channel2_IRQHandler
                0x08001544                TIM8_BRK_IRQHandler
                0x08001544                FLASH_IRQHandler
                0x08001544                USART1_IRQHandler
                0x08001544                SPI3_IRQHandler
                0x08001544                I2C1_ER_IRQHandler
                0x08001544                DMA2_Channel3_IRQHandler
 *fill*         0x08001546        0x2 
 .text.__libc_init_array
                0x08001548       0x48 C:/ST/STM32CubeIDE_2.0.0/STM32CubeIDE/plugins/com.st.stm32cube.ide.mcu.externaltools.gnu-tools-for-stm32.13.3.rel1.win32_1.0.100.202509120712/tools/bin/../lib/gcc/arm-none-eabi/13.3.1/../../../../arm-none-eabi/lib/thumb/v7-m/nofp\libc_nano.a(libc_a-init.o)
                0x08001548                __libc_init_array
 *(.glue_7)
 .glue_7        0x08001590        0x0 linker stubs
 *(.glue_7t)
 .glue_7t       0x08001590        0x0 linker stubs
 *(.eh_frame)
 .eh_frame      0x08001590        0x0 C:/ST/STM32CubeIDE_2.0.0/STM32CubeIDE/plugins/com.st.stm32cube.ide.mcu.externaltools.gnu-tools-for-stm32.13.3.rel1.win32_1.0.100.202509120712/tools/bin/../lib/gcc/arm-none-eabi/13.3.1/thumb/v7-m/nofp/crtbegin.o
 *(.init)
 .init          0x08001590        0x4 C:/ST/STM32CubeIDE_2.0.0/STM32CubeIDE/plugins/com.st.stm32cube.ide.mcu.externaltools.gnu-tools-for-stm32.13.3.rel1.win32_1.0.100.202509120712/tools/bin/../lib/gcc/arm-none-eabi/13.3.1/thumb/v7-m/nofp/crti.o
                0x08001590                _init
 .init          0x08001594        0x8 C:/ST/STM32CubeIDE_2.0.0/STM32CubeIDE/plugins/com.st.stm32cube.ide.mcu.externaltools.gnu-tools-for-stm32.13.3.rel1.win32_1.0.100.202509120712/tools/bin/../lib/gcc/arm-none-eabi/13.3.1/thumb/v7-m/nofp/crtn.o
 *(.fini)
 .fini          0x0800159c        0x4 C:/ST/STM32CubeIDE_2.0.0/STM32CubeIDE/plugins/com.st.stm32cube.ide.mcu.externaltools.gnu-tools-for-stm32.13.3.rel1.win32_1.0.100.202509120712/tools/bin/../lib/gcc/arm-none-eabi/13.3.1/thumb/v7-m/nofp/crti.o
                0x0800159c                _fini
 .fini          0x080015a0        0x8 C:/ST/STM32CubeIDE_2.0.0/STM32CubeIDE/plugins/com.st.stm32cube.ide.mcu.externaltools.gnu-tools-for-stm32.13.3.rel1.win32_1.0.100.202509120712/tools/bin/../lib/gcc/arm-none-eabi/13.3.1/thumb/v7-m/nofp/crtn.o
                0x080015a8                        . = ALIGN (0x4)
                0x080015a8                        _etext = .

.vfp11_veneer   0x080015a8        0x0
 .vfp11_veneer  0x080015a8        0x0 linker stubs

.v4_bx          0x080015a8        0x0
 .v4_bx         0x080015a8        0x0 linker stubs

.iplt           0x080015a8        0x0
 .iplt          0x080015a8        0x0 C:/ST/STM32CubeIDE_2.0.0/STM32CubeIDE/plugins/com.st.stm32cube.ide.mcu.externaltools.gnu-tools-for-stm32.13.3.rel1.win32_1.0.100.202509120712/tools/bin/../lib/gcc/arm-none-eabi/13.3.1/thumb/v7-m/nofp/crtbegin.o

.rodata         0x080015a8       0x40
                0x080015a8                        . = ALIGN (0x4)
 *(.rodata)
 .rodata        0x080015a8        0x9 ./MY_RTOS/scheduler.o
 *fill*         0x080015b1        0x3 
 .rodata        0x080015b4       0x32 ./Src/main.o
 *(.rodata*)
                0x080015e8                        . = ALIGN (0x4)
 *fill*         0x080015e6        0x2 

.ARM.extab      0x080015e8        0x0
                0x080015e8                        . = ALIGN (0x4)
 *(.ARM.extab* .gnu.linkonce.armextab.*)
                0x080015e8                        . = ALIGN (0x4)

.ARM            0x080015e8        0x8
                0x080015e8                        . = ALIGN (0x4)
                0x080015e8                        __exidx_start = .
 *(.ARM.exidx*)
 .ARM.exidx     0x080015e8        0x8 C:/ST/STM32CubeIDE_2.0.0/STM32CubeIDE/plugins/com.st.stm32cube.ide.mcu.externaltools.gnu-tools-for-stm32.13.3.rel1.win32_1.0.100.202509120712/tools/bin/../lib/gcc/arm-none-eabi/13.3.1/../../../../arm-none-eabi/lib/thumb/v7-m/nofp\libc_nano.a(libc_a-strcmp.o)
                0x080015f0                        __exidx_end = .
                0x080015f0                        . = ALIGN (0x4)

.preinit_array  0x080015f0        0x0
                0x080015f0                        . = ALIGN (0x4)
                0x080015f0                        PROVIDE (__preinit_array_start = .)
 *(.preinit_array*)
                0x080015f0                        PROVIDE (__preinit_array_end = .)
                0x080015f0                        . = ALIGN (0x4)

.init_array     0x080015f0        0x4
                0x080015f0                        . = ALIGN (0x4)
                0x080015f0                        PROVIDE (__init_array_start = .)
 *(SORT_BY_NAME(.init_array.*))
 *(.init_array*)
 .init_array    0x080015f0        0x4 C:/ST/STM32CubeIDE_2.0.0/STM32CubeIDE/plugins/com.st.stm32cube.ide.mcu.externaltools.gnu-tools-for-stm32.13.3.rel1.win32_1.0.100.202509120712/tools/bin/../lib/gcc/arm-none-eabi/13.3.1/thumb/v7-m/nofp/crtbegin.o
                0x080015f4                        PROVIDE (__init_array_end = .)
                0x080015f4                        . = ALIGN (0x4)

.fini_array     0x080015f4        0x4
                0x080015f4                        . = ALIGN (0x4)
                [!provide]                        PROVIDE (__fini_array_start = .)
 *(SORT_BY_NAME(.fini_array.*))
 *(.fini_array*)
 .fini_array    0x080015f4        0x4 C:/ST/STM32CubeIDE_2.0.0/STM32CubeIDE/plugins/com.st.stm32cube.ide.mcu.externaltools.gnu-tools-for-stm32.13.3.rel1.win32_1.0.100.202509120712/tools/bin/../lib/gcc/arm-none-eabi/13.3.1/thumb/v7-m/nofp/crtbegin.o
                [!provide]                        PROVIDE (__fini_array_end = .)
                0x080015f8                        . = ALIGN (0x4)
                0x080015f8                        _sidata = LOADADDR (.data)

.rel.dyn        0x080015f8        0x0
 .rel.iplt      0x080015f8        0x0 C:/ST/STM32CubeIDE_2.0.0/STM32CubeIDE/plugins/com.st.stm32cube.ide.mcu.externaltools.gnu-tools-for-stm32.13.3.rel1.win32_1.0.100.202509120712/tools/bin/../lib/gcc/arm-none-eabi/13.3.1/thumb/v7-m/nofp/crtbegin.o

.data           0x20000000        0x4 load address 0x080015f8
                0x20000000                        . = ALIGN (0x4)
                0x20000000                        _sdata = .
 *(.data)
 *(.data*)
 .data.Payload  0x20000000        0x3 ./Src/main.o
                0x20000000                Payload
 *(.RamFunc)
 *(.RamFunc*)
                0x20000004                        . = ALIGN (0x4)
 *fill*         0x20000003        0x1 
                0x20000004                        _edata = .

.igot.plt       0x20000004        0x0 load address 0x080015fc
 .igot.plt      0x20000004        0x0 C:/ST/STM32CubeIDE_2.0.0/STM32CubeIDE/plugins/com.st.stm32cube.ide.mcu.externaltools.gnu-tools-for-stm32.13.3.rel1.win32_1.0.100.202509120712/tools/bin/../lib/gcc/arm-none-eabi/13.3.1/thumb/v7-m/nofp/crtbegin.o
                0x20000004                        . = ALIGN (0x4)

.bss            0x20000004      0x55c load address 0x080015fc
                0x20000004                        _sbss = .
                0x20000004                        __bss_start__ = _sbss
 *(.bss)
 .bss           0x20000004       0x1c C:/ST/STM32CubeIDE_2.0.0/STM32CubeIDE/plugins/com.st.stm32cube.ide.mcu.externaltools.gnu-tools-for-stm32.13.3.rel1.win32_1.0.100.202509120712/tools/bin/../lib/gcc/arm-none-eabi/13.3.1/thumb/v7-m/nofp/crtbegin.o
 *(.bss*)
 .bss.SysTick_LED
                0x20000020        0x1 ./MY_RTOS/CortexMx_OS_Porting.o
                0x20000020                SysTick_LED
 *fill*         0x20000021        0x3 
 .bss.OS_Control
                0x20000024      0x1ac ./MY_RTOS/scheduler.o
                0x20000024                OS_Control
 .bss.Ready_QUEUE
                0x200001d0       0x14 ./MY_RTOS/scheduler.o
                0x200001d0                Ready_QUEUE
 .bss.Ready_QUEUE_FIFO
                0x200001e4      0x190 ./MY_RTOS/scheduler.o
                0x200001e4                Ready_QUEUE_FIFO
 .bss.MY_RTOS_idle_Task
                0x20000374       0x44 ./MY_RTOS/scheduler.o
                0x20000374                MY_RTOS_idle_Task
 .bss.Idle_Task_Led
                0x200003b8        0x1 ./MY_RTOS/scheduler.o
                0x200003b8                Idle_Task_Led
 *fill*         0x200003b9        0x3 
 .bss.last_index.0
                0x200003bc        0x4 ./MY_RTOS/scheduler.o
 .bss.GP_IRQ_CallBack
                0x200003c0       0x40 ./Src/EXTI.o
                0x200003c0                GP_IRQ_CallBack
 .bss.Task1     0x20000400       0x44 ./Src/main.o
                0x20000400                Task1
 .bss.Task2     0x20000444       0x44 ./Src/main.o
                0x20000444                Task2
 .bss.Task3     0x20000488       0x44 ./Src/main.o
                0x20000488                Task3
 .bss.Task4     0x200004cc       0x44 ./Src/main.o
                0x200004cc                Task4
 .bss.MUTEX1    0x20000510       0x30 ./Src/main.o
                0x20000510                MUTEX1
 .bss.t1        0x20000540        0x8 ./Src/main.o
                0x20000540                t1
 .bss.t2        0x20000548        0x8 ./Src/main.o
                0x20000548                t2
 .bss.t3        0x20000550        0x8 ./Src/main.o
                0x20000550                t3
 .bss.t4        0x20000558        0x8 ./Src/main.o
                0x20000558                t4
 *(COMMON)
                0x20000560                        . = ALIGN (0x4)
                0x20000560                        _ebss = .
                0x20000560                        __bss_end__ = _ebss

._user_heap_stack
                0x20000560      0x200 load address 0x080015fc
                0x20000560                        . = ALIGN (0x8)
                [!provide]                        PROVIDE (end = .)
                0x20000560                        PROVIDE (_end = .)
                0x20000760                        . = (. + _Min_Heap_Size)
 *fill*         0x20000560      0x200 
                0x20000760                        . = ALIGN (0x8)
                0x20000760                        _eheap = .

/DISCARD/
 libc.a(*)
 libm.a(*)
 libgcc.a(*)

.ARM.attributes
                0x00000000       0x29
 *(.ARM.attributes)
 .ARM.attributes
                0x00000000       0x1d C:/ST/STM32CubeIDE_2.0.0/STM32CubeIDE/plugins/com.st.stm32cube.ide.mcu.externaltools.gnu-tools-for-stm32.13.3.rel1.win32_1.0.100.202509120712/tools/bin/../lib/gcc/arm-none-eabi/13.3.1/thumb/v7-m/nofp/crti.o
 .ARM.attributes
                0x0000001d       0x2d C:/ST/STM32CubeIDE_2.0.0/STM32CubeIDE/plugins/com.st.stm32cube.ide.mcu.externaltools.gnu-tools-for-stm32.13.3.rel1.win32_1.0.100.202509120712/tools/bin/../lib/gcc/arm-none-eabi/13.3.1/thumb/v7-m/nofp/crtbegin.o
 .ARM.attributes
                0x0000004a       0x2d ./MY_RTOS/CortexMx_OS_Porting.o
 .ARM.attributes
                0x00000077       0x2d ./MY_RTOS/My_RTOS_FIFO.o
 .ARM.attributes
                0x000000a4       0x2d ./MY_RTOS/scheduler.o
 .ARM.attributes
                0x000000d1       0x2d ./Src/EXTI.o
 .ARM.attributes
                0x000000fe       0x2d ./Src/GPIO.o
 .ARM.attributes
                0x0000012b       0x2d ./Src/main.o
 .ARM.attributes
                0x00000158       0x21 ./Startup/startup_stm32f103c6tx.o
 .ARM.attributes
                0x00000179       0x2d C:/ST/STM32CubeIDE_2.0.0/STM32CubeIDE/plugins/com.st.stm32cube.ide.mcu.externaltools.gnu-tools-for-stm32.13.3.rel1.win32_1.0.100.202509120712/tools/bin/../lib/gcc/arm-none-eabi/13.3.1/../../../../arm-none-eabi/lib/thumb/v7-m/nofp\libc_nano.a(libc_a-init.o)
 .ARM.attributes
                0x000001a6       0x1b C:/ST/STM32CubeIDE_2.0.0/STM32CubeIDE/plugins/com.st.stm32cube.ide.mcu.externaltools.gnu-tools-for-stm32.13.3.rel1.win32_1.0.100.202509120712/tools/bin/../lib/gcc/arm-none-eabi/13.3.1/../../../../arm-none-eabi/lib/thumb/v7-m/nofp\libc_nano.a(libc_a-strcmp.o)
 .ARM.attributes
                0x000001c1       0x1d C:/ST/STM32CubeIDE_2.0.0/STM32CubeIDE/plugins/com.st.stm32cube.ide.mcu.externaltools.gnu-tools-for-stm32.13.3.rel1.win32_1.0.100.202509120712/tools/bin/../lib/gcc/arm-none-eabi/13.3.1/thumb/v7-m/nofp/crtn.o
OUTPUT(ARM-CortexM.elf elf32-littlearm)
LOAD linker stubs
LOAD C:/ST/STM32CubeIDE_2.0.0/STM32CubeIDE/plugins/com.st.stm32cube.ide.mcu.externaltools.gnu-tools-for-stm32.13.3.rel1.win32_1.0.100.202509120712/tools/bin/../lib/gcc/arm-none-eabi/13.3.1/../../../../arm-none-eabi/lib/thumb/v7-m/nofp\libc.a
LOAD C:/ST/STM32CubeIDE_2.0.0/STM32CubeIDE/plugins/com.st.stm32cube.ide.mcu.externaltools.gnu-tools-for-stm32.13.3.rel1.win32_1.0.100.202509120712/tools/bin/../lib/gcc/arm-none-eabi/13.3.1/../../../../arm-none-eabi/lib/thumb/v7-m/nofp\libm.a
LOAD C:/ST/STM32CubeIDE_2.0.0/STM32CubeIDE/plugins/com.st.stm32cube.ide.mcu.externaltools.gnu-tools-for-stm32.13.3.rel1.win32_1.0.100.202509120712/tools/bin/../lib/gcc/arm-none-eabi/13.3.1/thumb/v7-m/nofp\libgcc.a

.debug_info     0x00000000     0x2b88
 .debug_info    0x00000000      0x69b ./MY_RTOS/CortexMx_OS_Porting.o
 .debug_info    0x0000069b      0x3b6 ./MY_RTOS/My_RTOS_FIFO.o
 .debug_info    0x00000a51      0x99d ./MY_RTOS/scheduler.o
 .debug_info    0x000013ee      0x793 ./Src/EXTI.o
 .debug_info    0x00001b81      0x7fb ./Src/GPIO.o
 .debug_info    0x0000237c      0x7dc ./Src/main.o
 .debug_info    0x00002b58       0x30 ./Startup/startup_stm32f103c6tx.o

.debug_abbrev   0x00000000      0xb5a
 .debug_abbrev  0x00000000      0x1f7 ./MY_RTOS/CortexMx_OS_Porting.o
 .debug_abbrev  0x000001f7      0x109 ./MY_RTOS/My_RTOS_FIFO.o
 .debug_abbrev  0x00000300      0x2fe ./MY_RTOS/scheduler.o
 .debug_abbrev  0x000005fe      0x1b4 ./Src/EXTI.o
 .debug_abbrev  0x000007b2      0x1a5 ./Src/GPIO.o
 .debug_abbrev  0x00000957      0x1e6 ./Src/main.o
 .debug_abbrev  0x00000b3d       0x1d ./Startup/startup_stm32f103c6tx.o

.debug_loc      0x00000000     0x1124
 .debug_loc     0x00000000      0x224 ./MY_RTOS/CortexMx_OS_Porting.o
 .debug_loc     0x00000224      0x1b4 ./MY_RTOS/My_RTOS_FIFO.o
 .debug_loc     0x000003d8      0x538 ./MY_RTOS/scheduler.o
 .debug_loc     0x00000910      0x2d0 ./Src/EXTI.o
 .debug_loc     0x00000be0      0x438 ./Src/GPIO.o
 .debug_loc     0x00001018      0x10c ./Src/main.o

.debug_aranges  0x00000000      0x2b0
 .debug_aranges
                0x00000000       0x70 ./MY_RTOS/CortexMx_OS_Porting.o
 .debug_aranges
                0x00000070       0x40 ./MY_RTOS/My_RTOS_FIFO.o
 .debug_aranges
                0x000000b0       0xa8 ./MY_RTOS/scheduler.o
 .debug_aranges
                0x00000158       0x78 ./Src/EXTI.o
 .debug_aranges
                0x000001d0       0x78 ./Src/GPIO.o
 .debug_aranges
                0x00000248       0x40 ./Src/main.o
 .debug_aranges
                0x00000288       0x28 ./Startup/startup_stm32f103c6tx.o

.debug_ranges   0x00000000      0x248
 .debug_ranges  0x00000000       0x60 ./MY_RTOS/CortexMx_OS_Porting.o
 .debug_ranges  0x00000060       0x30 ./MY_RTOS/My_RTOS_FIFO.o
 .debug_ranges  0x00000090       0x98 ./MY_RTOS/scheduler.o
 .debug_ranges  0x00000128       0x68 ./Src/EXTI.o
 .debug_ranges  0x00000190       0x68 ./Src/GPIO.o
 .debug_ranges  0x000001f8       0x30 ./Src/main.o
 .debug_ranges  0x00000228       0x20 ./Startup/startup_stm32f103c6tx.o

.debug_line     0x00000000     0x26cb
 .debug_line    0x00000000      0x3e3 ./MY_RTOS/CortexMx_OS_Porting.o
 .debug_line    0x000003e3      0x3e9 ./MY_RTOS/My_RTOS_FIFO.o
 .debug_line    0x000007cc      0x8f1 ./MY_RTOS/scheduler.o
 .debug_line    0x000010bd      0x8f4 ./Src/EXTI.o
 .debug_line    0x000019b1      0x7aa ./Src/GPIO.o
 .debug_line    0x0000215b      0x4ef ./Src/main.o
 .debug_line    0x0000264a       0x81 ./Startup/startup_stm32f103c6tx.o

.debug_str      0x00000000     0x1092
 .debug_str     0x00000000     0x1092 ./MY_RTOS/CortexMx_OS_Porting.o
                                0x4d1 (size before relaxing)
 .debug_str     0x00001092        0x0 ./MY_RTOS/My_RTOS_FIFO.o
                                0x360 (size before relaxing)
 .debug_str     0x00001092        0x0 ./MY_RTOS/scheduler.o
                                0x720 (size before relaxing)
 .debug_str     0x00001092        0x0 ./Src/EXTI.o
                                0x767 (size before relaxing)
 .debug_str     0x00001092        0x0 ./Src/GPIO.o
                                0x5ac (size before relaxing)
 .debug_str     0x00001092        0x0 ./Src/main.o
                                0x6db (size before relaxing)
 .debug_str     0x00001092        0x0 ./Startup/startup_stm32f103c6tx.o
                                 0xa1 (size before relaxing)

.comment        0x00000000       0x43
 .comment       0x00000000       0x43 ./MY_RTOS/CortexMx_OS_Porting.o
                                 0x44 (size before relaxing)
 .comment       0x00000043        0x0 ./MY_RTOS/My_RTOS_FIFO.o
                                 0x44 (size before relaxing)
 .comment       0x00000043        0x0 ./MY_RTOS/scheduler.o
                                 0x44 (size before relaxing)
 .comment       0x00000043        0x0 ./Src/EXTI.o
                                 0x44 (size before relaxing)
 .comment       0x00000043        0x0 ./Src/GPIO.o
                                 0x44 (size before relaxing)
 .comment       0x00000043        0x0 ./Src/main.o
                                 0x44 (size before relaxing)

.debug_frame    0x00000000      0x904
 .debug_frame   0x00000000      0x140 ./MY_RTOS/CortexMx_OS_Porting.o
 .debug_frame   0x00000140       0xd0 ./MY_RTOS/My_RTOS_FIFO.o
 .debug_frame   0x00000210      0x280 ./MY_RTOS/scheduler.o
 .debug_frame   0x00000490      0x190 ./Src/EXTI.o
 .debug_frame   0x00000620      0x1e8 ./Src/GPIO.o
 .debug_frame   0x00000808       0xb0 ./Src/main.o
 .debug_frame   0x000008b8       0x2c C:/ST/STM32CubeIDE_2.0.0/STM32CubeIDE/plugins/com.st.stm32cube.ide.mcu.externaltools.gnu-tools-for-stm32.13.3.rel1.win32_1.0.100.202509120712/tools/bin/../lib/gcc/arm-none-eabi/13.3.1/../../../../arm-none-eabi/lib/thumb/v7-m/nofp\libc_nano.a(libc_a-init.o)
 .debug_frame   0x000008e4       0x20 C:/ST/STM32CubeIDE_2.0.0/STM32CubeIDE/plugins/com.st.stm32cube.ide.mcu.externaltools.gnu-tools-for-stm32.13.3.rel1.win32_1.0.100.202509120712/tools/bin/../lib/gcc/arm-none-eabi/13.3.1/../../../../arm-none-eabi/lib/thumb/v7-m/nofp\libc_nano.a(libc_a-strcmp.o)
