../Core/Src/main.c:80:6:CAN_TX	56	static
../Core/Src/main.c:112:6:CAN_RX_Filter_Init	56	static
../Core/Src/main.c:137:6:CAN_RX	56	static
../Core/Src/main.c:160:6:HAL_CAN_TxMailbox0CompleteCallback	16	static
../Core/Src/main.c:165:6:HAL_CAN_RxFifo0MsgPendingCallback	16	static
../Core/Src/main.c:172:6:HAL_CAN_ErrorCallback	16	static
../Core/Src/main.c:183:5:main	16	static
../Core/Src/main.c:257:6:SystemClock_Config	72	static
../Core/Src/main.c:294:13:MX_CAN_Init	8	static
../Core/Src/main.c:331:13:MX_GPIO_Init	16	static
../Core/Src/main.c:353:6:Error_Handler	4	static,ignoring_inline_asm
