
Memory Configuration

Name             Origin             Length             Attributes
FLASH            0x08000000         0x00020000         xr
SRAM             0x20000000         0x00005000         xrw
*default*        0x00000000         0xffffffff

Linker script and memory map

                0x00001000                _stack_size = 0x1000

.text           0x08000000      0x1f4
 *(.vectors*)
 .vectors       0x08000000       0x64 startup.o
                0x08000000                vectors
 *(.text*)
 .text          0x08000064      0x104 main.o
                0x08000064                interrupt_init
                0x080000ac                clock_init
                0x080000d4                gpio_init
                0x08000128                main
                0x0800013a                EXTI0_IRQHandler
 .text          0x08000168       0x8c startup.o
                0x08000168                EXTI2_IRQHandler
                0x08000168                DebugMon_Handler
                0x08000168                HardFault_Handler
                0x08000168                SysTick_Handler
                0x08000168                PVD_IRQHandler
                0x08000168                PendSV_Handler
                0x08000168                NMI_Handler
                0x08000168                UsageFault_Handler
                0x08000168                TAMPER_IRQHandler
                0x08000168                RTC_IRQHandler
                0x08000168                FLASH_IRQHandler
                0x08000168                RCC_IRQHandler
                0x08000168                Default_Handler
                0x08000168                MemManage_Handler
                0x08000168                SVC_Handler
                0x08000168                WWDG_IRQHandler
                0x08000168                EXTI1_IRQHandler
                0x08000168                BusFault_Handler
                0x08000174                Reset_Handler
 *(.rodata*)

.glue_7         0x080001f4        0x0
 .glue_7        0x080001f4        0x0 linker stubs

.glue_7t        0x080001f4        0x0
 .glue_7t       0x080001f4        0x0 linker stubs

.vfp11_veneer   0x080001f4        0x0
 .vfp11_veneer  0x080001f4        0x0 linker stubs

.v4_bx          0x080001f4        0x0
 .v4_bx         0x080001f4        0x0 linker stubs

.iplt           0x080001f4        0x0
 .iplt          0x080001f4        0x0 main.o

.rel.dyn        0x080001f4        0x0
 .rel.iplt      0x080001f4        0x0 main.o

.data           0x20000000        0x0 load address 0x080001f4
                0x20000000                . = ALIGN (0x4)
                0x20000000                _sdata = .
 *(.data*)
 .data          0x20000000        0x0 main.o
 .data          0x20000000        0x0 startup.o
                0x20000000                . = ALIGN (0x4)
                0x20000000                _edata = .
                0x080001f4                _sidata = LOADADDR (.data)

.igot.plt       0x20000000        0x0 load address 0x080001f4
 .igot.plt      0x20000000        0x0 main.o

.bss            0x20000000        0x0 load address 0x080001f4
                0x20000000                . = ALIGN (0x4)
                0x20000000                _sbss = .
 *(.bss*)
 .bss           0x20000000        0x0 main.o
 .bss           0x20000000        0x0 startup.o
 *(COMMON)
                0x20000000                . = ALIGN (0x4)
                0x20000000                _ebss = .
                0x20005000                _estack = (ORIGIN (SRAM) + LENGTH (SRAM))
                0x00000000                _total_ram_used = (SIZEOF (.data) + SIZEOF (.bss))
                0x00000001                ASSERT ((_total_ram_used <= LENGTH (SRAM)), ERROR: .data + .bss exceeds SRAM!)
LOAD main.o
LOAD startup.o
OUTPUT(learn_in_depth.elf elf32-littlearm)
LOAD linker stubs

.debug_info     0x00000000      0x2a1
 .debug_info    0x00000000       0xde main.o
 .debug_info    0x000000de      0x1c3 startup.o

.debug_abbrev   0x00000000      0x17b
 .debug_abbrev  0x00000000       0x87 main.o
 .debug_abbrev  0x00000087       0xf4 startup.o

.debug_loc      0x00000000      0x1a0
 .debug_loc     0x00000000      0x13c main.o
 .debug_loc     0x0000013c       0x64 startup.o

.debug_aranges  0x00000000       0x40
 .debug_aranges
                0x00000000       0x20 main.o
 .debug_aranges
                0x00000020       0x20 startup.o

.debug_line     0x00000000      0x22a
 .debug_line    0x00000000       0x87 main.o
 .debug_line    0x00000087      0x1a3 startup.o

.debug_str      0x00000000      0x1d0
 .debug_str     0x00000000      0x147 main.o
                                0x169 (size before relaxing)
 .debug_str     0x00000147       0x89 startup.o
                                0x1cc (size before relaxing)

.comment        0x00000000       0x4d
 .comment       0x00000000       0x4d main.o
                                 0x4e (size before relaxing)
 .comment       0x0000004d       0x4e startup.o

.ARM.attributes
                0x00000000       0x2d
 .ARM.attributes
                0x00000000       0x2d main.o
 .ARM.attributes
                0x0000002d       0x2d startup.o

.debug_frame    0x00000000       0xf8
 .debug_frame   0x00000000       0xac main.o
 .debug_frame   0x000000ac       0x4c startup.o
