G:/concol/Learn_in_depth/Master_Embedded_Systems/Assignment Details/Unit15/Final_RTOS/STM32/MCAL/core_cm3.h:1742:22:__NVIC_SetPriority	16	static
G:/concol/Learn_in_depth/Master_Embedded_Systems/Assignment Details/Unit15/Final_RTOS/STM32/MCAL/core_cm3.h:1938:26:SysTick_Config	16	static
../MY_RTOS/CortexMx_OS_Porting.c:6:6:HardFault_Handler	4	static
../MY_RTOS/CortexMx_OS_Porting.c:10:6:MemManage_Handler	4	static
../MY_RTOS/CortexMx_OS_Porting.c:14:6:BusFault_Handler	4	static
../MY_RTOS/CortexMx_OS_Porting.c:18:6:UsageFault_Handler	4	static
../MY_RTOS/CortexMx_OS_Porting.c:24:28:SVC_Handler	0	static,ignoring_inline_asm
../MY_RTOS/CortexMx_OS_Porting.c:36:6:HW_Init	8	static
../MY_RTOS/CortexMx_OS_Porting.c:58:6:Trigger_OS_PendSV	4	static
../MY_RTOS/CortexMx_OS_Porting.c:64:6:Start_Ticker	8	static
../MY_RTOS/CortexMx_OS_Porting.c:78:6:SysTick_Handler	8	static
