
Memory Configuration

Name             Origin             Length             Attributes
FLASH            0x08000000         0x00020000         xr
SRAM             0x20000000         0x00005000         xrw
*default*        0x00000000         0xffffffff

Linker script and memory map

                0x00001000                _stack_size = 0x1000

.text           0x08000000      0x1b0
 *(.vectors*)
 .vectors       0x08000000       0x1c startup.o
                0x08000000                vectors
 *(.text*)
 .text          0x0800001c       0xc4 driver.o
                0x0800001c                Delay
                0x0800003e                getPressureVal
                0x08000054                Set_Alarm_actuator
                0x08000090                GPIO_INITIALIZATION
 .text          0x080000e0       0x40 main.o
                0x080000e0                main
 .text          0x08000120       0x8c startup.o
                0x08000120                NMI_Handler
                0x08000120                UsageFault_Handler
                0x08000120                BusFault_Handler
                0x08000120                Default_Handler
                0x08000120                MemManage_Handler
                0x08000120                HardFault_Handler
                0x0800012c                Reset_Handler
 *(.rodata*)
 .rodata        0x080001ac        0x4 main.o
                0x080001ac                Threshold

.glue_7         0x080001b0        0x0
 .glue_7        0x080001b0        0x0 linker stubs

.glue_7t        0x080001b0        0x0
 .glue_7t       0x080001b0        0x0 linker stubs

.vfp11_veneer   0x080001b0        0x0
 .vfp11_veneer  0x080001b0        0x0 linker stubs

.v4_bx          0x080001b0        0x0
 .v4_bx         0x080001b0        0x0 linker stubs

.iplt           0x080001b0        0x0
 .iplt          0x080001b0        0x0 main.o

.rel.dyn        0x080001b0        0x0
 .rel.iplt      0x080001b0        0x0 main.o

.data           0x20000000        0x8 load address 0x080001b0
                0x20000000                . = ALIGN (0x8)
                0x20000000                _sdata = .
 *(.data*)
 .data          0x20000000        0x0 driver.o
 .data          0x20000000        0x4 main.o
                0x20000000                Pressure_Val
 .data          0x20000004        0x0 startup.o
                0x20000008                . = ALIGN (0x8)
 *fill*         0x20000004        0x4 
                0x20000008                _edata = .
                0x080001b0                _sidata = LOADADDR (.data)

.igot.plt       0x20000008        0x0 load address 0x080001b8
 .igot.plt      0x20000008        0x0 main.o

.bss            0x20000008        0x0 load address 0x080001b8
                0x20000008                . = ALIGN (0x8)
                0x20000008                _sbss = .
 *(.bss*)
 .bss           0x20000008        0x0 driver.o
 .bss           0x20000008        0x0 main.o
 .bss           0x20000008        0x0 startup.o
 *(COMMON)
                0x20000008                . = ALIGN (0x8)
                0x20000008                _ebss = .
                0x20001008                _estack = (. + 0x1000)
                0x00000008                _total_ram_used = (SIZEOF (.data) + SIZEOF (.bss))
                0x00000001                ASSERT ((_total_ram_used <= LENGTH (SRAM)), ERROR: .data + .bss exceeds SRAM size!)
LOAD driver.o
LOAD main.o
LOAD startup.o
OUTPUT(learn_in_depth.elf elf32-littlearm)
LOAD linker stubs

.debug_info     0x00000000      0x3b6
 .debug_info    0x00000000      0x117 driver.o
 .debug_info    0x00000117       0xdc main.o
 .debug_info    0x000001f3      0x1c3 startup.o

.debug_abbrev   0x00000000      0x232
 .debug_abbrev  0x00000000       0xca driver.o
 .debug_abbrev  0x000000ca       0x74 main.o
 .debug_abbrev  0x0000013e       0xf4 startup.o

.debug_loc      0x00000000      0x1d0
 .debug_loc     0x00000000      0x140 driver.o
 .debug_loc     0x00000140       0x2c main.o
 .debug_loc     0x0000016c       0x64 startup.o

.debug_aranges  0x00000000       0x60
 .debug_aranges
                0x00000000       0x20 driver.o
 .debug_aranges
                0x00000020       0x20 main.o
 .debug_aranges
                0x00000040       0x20 startup.o

.debug_line     0x00000000      0x430
 .debug_line    0x00000000      0x15f driver.o
 .debug_line    0x0000015f      0x12f main.o
 .debug_line    0x0000028e      0x1a2 startup.o

.debug_str      0x00000000      0x24b
 .debug_str     0x00000000      0x1aa driver.o
                                0x1ec (size before relaxing)
 .debug_str     0x000001aa       0x23 main.o
                                0x1c3 (size before relaxing)
 .debug_str     0x000001cd       0x7e startup.o
                                0x20d (size before relaxing)

.comment        0x00000000       0x4d
 .comment       0x00000000       0x4d driver.o
                                 0x4e (size before relaxing)
 .comment       0x0000004d       0x4e main.o
 .comment       0x0000004d       0x4e startup.o

.ARM.attributes
                0x00000000       0x2d
 .ARM.attributes
                0x00000000       0x2d driver.o
 .ARM.attributes
                0x0000002d       0x2d main.o
 .ARM.attributes
                0x0000005a       0x2d startup.o

.debug_frame    0x00000000      0x118
 .debug_frame   0x00000000       0xa0 driver.o
 .debug_frame   0x000000a0       0x2c main.o
 .debug_frame   0x000000cc       0x4c startup.o
