../Core/Src/main.c:81:6:CAN_TX	56	static
../Core/Src/main.c:113:6:CAN_RX_Filter_Init	56	static
../Core/Src/main.c:138:6:CAN_RX	56	static
../Core/Src/main.c:161:6:HAL_CAN_TxMailbox0CompleteCallback	16	static
../Core/Src/main.c:166:6:HAL_CAN_RxFifo0MsgPendingCallback	16	static
../Core/Src/main.c:172:6:HAL_CAN_ErrorCallback	16	static
../Core/Src/main.c:183:5:main	8	static
../Core/Src/main.c:243:6:SystemClock_Config	72	static
../Core/Src/main.c:280:13:MX_CAN_Init	8	static
../Core/Src/main.c:317:13:MX_GPIO_Init	16	static
../Core/Src/main.c:339:6:Error_Handler	4	static,ignoring_inline_asm
