../Src/EXTI.c:6:13:enable_NVIC	16	static
../Src/EXTI.c:43:13:disable_NVIC	16	static
../Src/EXTI.c:82:16:EXTI_GPIO_Init	32	static
../Src/EXTI.c:162:16:EXTI_GPIO_DeInit	4	static
../Src/EXTI.c:185:16:EXTI_GPIO_Update	16	static
../Src/EXTI.c:191:6:EXTI0_IRQHandler	8	static
../Src/EXTI.c:200:6:EXTI1_IRQHandler	8	static
../Src/EXTI.c:209:6:EXTI2_IRQHandler	8	static
../Src/EXTI.c:217:6:EXTI3_IRQHandler	8	static
../Src/EXTI.c:225:6:EXTI4_IRQHandler	8	static
../Src/EXTI.c:233:6:EXTI9_5_IRQHandler	8	static
../Src/EXTI.c:241:6:EXTI15_10_IRQHandler	8	static
