G:/concol/Learn_in_depth/Master_Embedded_Systems/Assignment Details/Unit8/I2C_Task/Full_Project_1/MCAL/I2C_Driver/I2C.h:458:20:I2C_Enable	16	static
G:/concol/Learn_in_depth/Master_Embedded_Systems/Assignment Details/Unit8/I2C_Task/Full_Project_1/MCAL/I2C_Driver/I2C.h:608:13:I2C_ClearSTOPFlag	24	static
G:/concol/Learn_in_depth/Master_Embedded_Systems/Assignment Details/Unit8/I2C_Task/Full_Project_1/MCAL/I2C_Driver/I2C.h:621:13:I2C_EnableIRQ	16	static
G:/concol/Learn_in_depth/Master_Embedded_Systems/Assignment Details/Unit8/I2C_Task/Full_Project_1/MCAL/I2C_Driver/I2C.h:643:13:I2C_DisableIRQ	16	static
../Src/App.c:16:6:APP_Init	8	static
../Src/App.c:44:6:APP_Mode	24	static
